// Jest Snapshot v1, https://goo.gl/fbAQLP

exports[`render ExpensePage Correctly 1`] = `
<div>
  <ExpenseForm
    customSubmit={[Function]}
    expense={
      Object {
        "amount": 4500,
        "createdAt": 345600000,
        "description": "Cred Card",
        "id": "3",
        "note": "",
      }
    }
  />
  <button
    onClick={[Function]}
  >
    Remove
  </button>
</div>
`;
